---
source: crates/monosecret/tests/check_detail_provider_refs.rs
expression: snapshot
---
success: true
exit_code: 0
----- stdout -----
Checking secrets in object-provider-check-regression (profile: default)...

✓ SECRET_1 - Required secret 1
✓ SECRET_10 - Required secret 10
✓ SECRET_11 - Required secret 11
✓ SECRET_12 - Required secret 12
✓ SECRET_13 - Required secret 13
✓ SECRET_14 - Required secret 14
✓ SECRET_15 - Required secret 15
✓ SECRET_2 - Required secret 2
✓ SECRET_3 - Required secret 3
✓ SECRET_4 - Required secret 4
✓ SECRET_5 - Required secret 5
✓ SECRET_6 - Required secret 6
✓ SECRET_7 - Required secret 7
✓ SECRET_8 - Required secret 8
✓ SECRET_9 - Required secret 9

Summary: 15 found, 0 missing
----- stderr -----
note: monosecret is now recording secret access to [TMPDIR]/.local/state/monosecret/audit.log (disable with [audit] enabled = false in ~/.config/monosecret/config.toml)
DEBUG monosecret::secrets: attempting provider lookup provider=dotenv:[TMPDIR]/provider.env secret=SECRET_1 profile=default path=Some(["Important Details", "Company Details"]) key=Some("STORED_SECRET_1")
DEBUG monosecret::secrets: attempting provider lookup provider=dotenv:[TMPDIR]/provider.env secret=SECRET_10 profile=default path=Some(["Important Details", "Company Details"]) key=Some("STORED_SECRET_10")
DEBUG monosecret::secrets: attempting provider lookup provider=dotenv:[TMPDIR]/provider.env secret=SECRET_11 profile=default path=Some(["Important Details", "Company Details"]) key=Some("STORED_SECRET_11")
DEBUG monosecret::secrets: attempting provider lookup provider=dotenv:[TMPDIR]/provider.env secret=SECRET_12 profile=default path=Some(["Important Details", "Company Details"]) key=Some("STORED_SECRET_12")
DEBUG monosecret::secrets: attempting provider lookup provider=dotenv:[TMPDIR]/provider.env secret=SECRET_13 profile=default path=Some(["Important Details", "Company Details"]) key=Some("STORED_SECRET_13")
DEBUG monosecret::secrets: attempting provider lookup provider=dotenv:[TMPDIR]/provider.env secret=SECRET_14 profile=default path=Some(["Important Details", "Company Details"]) key=Some("STORED_SECRET_14")
DEBUG monosecret::secrets: attempting provider lookup provider=dotenv:[TMPDIR]/provider.env secret=SECRET_15 profile=default path=Some(["Important Details", "Company Details"]) key=Some("STORED_SECRET_15")
DEBUG monosecret::secrets: attempting provider lookup provider=dotenv:[TMPDIR]/provider.env secret=SECRET_2 profile=default path=Some(["Important Details", "Company Details"]) key=Some("STORED_SECRET_2")
DEBUG monosecret::secrets: attempting provider lookup provider=dotenv:[TMPDIR]/provider.env secret=SECRET_3 profile=default path=Some(["Important Details", "Company Details"]) key=Some("STORED_SECRET_3")
DEBUG monosecret::secrets: attempting provider lookup provider=dotenv:[TMPDIR]/provider.env secret=SECRET_4 profile=default path=Some(["Important Details", "Company Details"]) key=Some("STORED_SECRET_4")
DEBUG monosecret::secrets: attempting provider lookup provider=dotenv:[TMPDIR]/provider.env secret=SECRET_5 profile=default path=Some(["Important Details", "Company Details"]) key=Some("STORED_SECRET_5")
DEBUG monosecret::secrets: attempting provider lookup provider=dotenv:[TMPDIR]/provider.env secret=SECRET_6 profile=default path=Some(["Important Details", "Company Details"]) key=Some("STORED_SECRET_6")
DEBUG monosecret::secrets: attempting provider lookup provider=dotenv:[TMPDIR]/provider.env secret=SECRET_7 profile=default path=Some(["Important Details", "Company Details"]) key=Some("STORED_SECRET_7")
DEBUG monosecret::secrets: attempting provider lookup provider=dotenv:[TMPDIR]/provider.env secret=SECRET_8 profile=default path=Some(["Important Details", "Company Details"]) key=Some("STORED_SECRET_8")
DEBUG monosecret::secrets: attempting provider lookup provider=dotenv:[TMPDIR]/provider.env secret=SECRET_9 profile=default path=Some(["Important Details", "Company Details"]) key=Some("STORED_SECRET_9")
DEBUG monosecret::secrets: provider lookup found secret provider=dotenv:[TMPDIR]/provider.env secret=SECRET_1
DEBUG monosecret::secrets: provider lookup found secret provider=dotenv:[TMPDIR]/provider.env secret=SECRET_10
DEBUG monosecret::secrets: provider lookup found secret provider=dotenv:[TMPDIR]/provider.env secret=SECRET_11
DEBUG monosecret::secrets: provider lookup found secret provider=dotenv:[TMPDIR]/provider.env secret=SECRET_12
DEBUG monosecret::secrets: provider lookup found secret provider=dotenv:[TMPDIR]/provider.env secret=SECRET_13
DEBUG monosecret::secrets: provider lookup found secret provider=dotenv:[TMPDIR]/provider.env secret=SECRET_14
DEBUG monosecret::secrets: provider lookup found secret provider=dotenv:[TMPDIR]/provider.env secret=SECRET_15
DEBUG monosecret::secrets: provider lookup found secret provider=dotenv:[TMPDIR]/provider.env secret=SECRET_2
DEBUG monosecret::secrets: provider lookup found secret provider=dotenv:[TMPDIR]/provider.env secret=SECRET_3
DEBUG monosecret::secrets: provider lookup found secret provider=dotenv:[TMPDIR]/provider.env secret=SECRET_4
DEBUG monosecret::secrets: provider lookup found secret provider=dotenv:[TMPDIR]/provider.env secret=SECRET_5
DEBUG monosecret::secrets: provider lookup found secret provider=dotenv:[TMPDIR]/provider.env secret=SECRET_6
DEBUG monosecret::secrets: provider lookup found secret provider=dotenv:[TMPDIR]/provider.env secret=SECRET_7
DEBUG monosecret::secrets: provider lookup found secret provider=dotenv:[TMPDIR]/provider.env secret=SECRET_8
DEBUG monosecret::secrets: provider lookup found secret provider=dotenv:[TMPDIR]/provider.env secret=SECRET_9
DEBUG monosecret::secrets: resolved provider reference alias=detail_env provider=dotenv://[TMPDIR]/provider.env path=Some(["Important Details", "Company Details"]) key=Some("STORED_SECRET_1")
DEBUG monosecret::secrets: resolved provider reference alias=detail_env provider=dotenv://[TMPDIR]/provider.env path=Some(["Important Details", "Company Details"]) key=Some("STORED_SECRET_1")
DEBUG monosecret::secrets: resolved provider reference alias=detail_env provider=dotenv://[TMPDIR]/provider.env path=Some(["Important Details", "Company Details"]) key=Some("STORED_SECRET_10")
DEBUG monosecret::secrets: resolved provider reference alias=detail_env provider=dotenv://[TMPDIR]/provider.env path=Some(["Important Details", "Company Details"]) key=Some("STORED_SECRET_10")
DEBUG monosecret::secrets: resolved provider reference alias=detail_env provider=dotenv://[TMPDIR]/provider.env path=Some(["Important Details", "Company Details"]) key=Some("STORED_SECRET_11")
DEBUG monosecret::secrets: resolved provider reference alias=detail_env provider=dotenv://[TMPDIR]/provider.env path=Some(["Important Details", "Company Details"]) key=Some("STORED_SECRET_11")
DEBUG monosecret::secrets: resolved provider reference alias=detail_env provider=dotenv://[TMPDIR]/provider.env path=Some(["Important Details", "Company Details"]) key=Some("STORED_SECRET_12")
DEBUG monosecret::secrets: resolved provider reference alias=detail_env provider=dotenv://[TMPDIR]/provider.env path=Some(["Important Details", "Company Details"]) key=Some("STORED_SECRET_12")
DEBUG monosecret::secrets: resolved provider reference alias=detail_env provider=dotenv://[TMPDIR]/provider.env path=Some(["Important Details", "Company Details"]) key=Some("STORED_SECRET_13")
DEBUG monosecret::secrets: resolved provider reference alias=detail_env provider=dotenv://[TMPDIR]/provider.env path=Some(["Important Details", "Company Details"]) key=Some("STORED_SECRET_13")
DEBUG monosecret::secrets: resolved provider reference alias=detail_env provider=dotenv://[TMPDIR]/provider.env path=Some(["Important Details", "Company Details"]) key=Some("STORED_SECRET_14")
DEBUG monosecret::secrets: resolved provider reference alias=detail_env provider=dotenv://[TMPDIR]/provider.env path=Some(["Important Details", "Company Details"]) key=Some("STORED_SECRET_14")
DEBUG monosecret::secrets: resolved provider reference alias=detail_env provider=dotenv://[TMPDIR]/provider.env path=Some(["Important Details", "Company Details"]) key=Some("STORED_SECRET_15")
DEBUG monosecret::secrets: resolved provider reference alias=detail_env provider=dotenv://[TMPDIR]/provider.env path=Some(["Important Details", "Company Details"]) key=Some("STORED_SECRET_15")
DEBUG monosecret::secrets: resolved provider reference alias=detail_env provider=dotenv://[TMPDIR]/provider.env path=Some(["Important Details", "Company Details"]) key=Some("STORED_SECRET_2")
DEBUG monosecret::secrets: resolved provider reference alias=detail_env provider=dotenv://[TMPDIR]/provider.env path=Some(["Important Details", "Company Details"]) key=Some("STORED_SECRET_2")
DEBUG monosecret::secrets: resolved provider reference alias=detail_env provider=dotenv://[TMPDIR]/provider.env path=Some(["Important Details", "Company Details"]) key=Some("STORED_SECRET_3")
DEBUG monosecret::secrets: resolved provider reference alias=detail_env provider=dotenv://[TMPDIR]/provider.env path=Some(["Important Details", "Company Details"]) key=Some("STORED_SECRET_3")
DEBUG monosecret::secrets: resolved provider reference alias=detail_env provider=dotenv://[TMPDIR]/provider.env path=Some(["Important Details", "Company Details"]) key=Some("STORED_SECRET_4")
DEBUG monosecret::secrets: resolved provider reference alias=detail_env provider=dotenv://[TMPDIR]/provider.env path=Some(["Important Details", "Company Details"]) key=Some("STORED_SECRET_4")
DEBUG monosecret::secrets: resolved provider reference alias=detail_env provider=dotenv://[TMPDIR]/provider.env path=Some(["Important Details", "Company Details"]) key=Some("STORED_SECRET_5")
DEBUG monosecret::secrets: resolved provider reference alias=detail_env provider=dotenv://[TMPDIR]/provider.env path=Some(["Important Details", "Company Details"]) key=Some("STORED_SECRET_5")
DEBUG monosecret::secrets: resolved provider reference alias=detail_env provider=dotenv://[TMPDIR]/provider.env path=Some(["Important Details", "Company Details"]) key=Some("STORED_SECRET_6")
DEBUG monosecret::secrets: resolved provider reference alias=detail_env provider=dotenv://[TMPDIR]/provider.env path=Some(["Important Details", "Company Details"]) key=Some("STORED_SECRET_6")
DEBUG monosecret::secrets: resolved provider reference alias=detail_env provider=dotenv://[TMPDIR]/provider.env path=Some(["Important Details", "Company Details"]) key=Some("STORED_SECRET_7")
DEBUG monosecret::secrets: resolved provider reference alias=detail_env provider=dotenv://[TMPDIR]/provider.env path=Some(["Important Details", "Company Details"]) key=Some("STORED_SECRET_7")
DEBUG monosecret::secrets: resolved provider reference alias=detail_env provider=dotenv://[TMPDIR]/provider.env path=Some(["Important Details", "Company Details"]) key=Some("STORED_SECRET_8")
DEBUG monosecret::secrets: resolved provider reference alias=detail_env provider=dotenv://[TMPDIR]/provider.env path=Some(["Important Details", "Company Details"]) key=Some("STORED_SECRET_8")
DEBUG monosecret::secrets: resolved provider reference alias=detail_env provider=dotenv://[TMPDIR]/provider.env path=Some(["Important Details", "Company Details"]) key=Some("STORED_SECRET_9")
DEBUG monosecret::secrets: resolved provider reference alias=detail_env provider=dotenv://[TMPDIR]/provider.env path=Some(["Important Details", "Company Details"]) key=Some("STORED_SECRET_9")
